******************************************************************************
                  TI ARM Linker PC v16.9.0                     
******************************************************************************
>> Linked Wed Aug 15 17:35:25 2018

OUTPUT FILE NAME:   <Prelab12.out>
ENTRY POINT SYMBOL: "_c_int00"  address: 00008975


MEMORY CONFIGURATION

         name            origin    length      used     unused   attr    fill
----------------------  --------  ---------  --------  --------  ----  --------
  MAIN                  00000000   00040000  00009800  00036800  R  X
  INFO                  00200000   00004000  00000000  00004000  R  X
  SRAM_CODE             01000000   00010000  000017b8  0000e848  RW X
  SRAM_DATA             20000000   00010000  000017b8  0000e848  RW  


SEGMENT ALLOCATION MAP

run origin  load origin   length   init length attrs members
----------  ----------- ---------- ----------- ----- -------
00000000    00000000    00009808   00009808    r-x
  00000000    00000000    000000e4   000000e4    r-- .intvecs
  000000e4    000000e4    00008c7a   00008c7a    r-x .text
  00008d60    00008d60    0000094a   0000094a    r-- .const
  000096b0    000096b0    00000158   00000158    r-- .cinit
20000000    20000000    000015b8   00000000    rw-
  20000000    20000000    00000ed8   00000000    rw- .bss
  20000ed8    20000ed8    00000400   00000000    rw- .sysmem
  200012d8    200012d8    000002e0   00000000    rw- .data
2000fe00    2000fe00    00000200   00000000    rw-
  2000fe00    2000fe00    00000200   00000000    rw- .stack


SECTION ALLOCATION MAP

 output                                  attributes/
section   page    origin      length       input sections
--------  ----  ----------  ----------   ----------------
.intvecs   0    00000000    000000e4     
                  00000000    000000e4     startup_msp432p401r_ccs.obj (.intvecs:retain)

.binit     0    00000000    00000000     

.text      0    000000e4    00008c7a     
                  000000e4    00001e9c     bme280.obj (.text)
                  00001f80    00001440     main.obj (.text)
                  000033c0    00001374     ST7735.obj (.text)
                  00004734    0000113a     rtsv7M4_T_le_v4SPD16_eabi.lib : _printfi.obj (.text)
                  0000586e    00000002                                   : l_div0.obj (.text)
                  00005870    000008a8     bme280nterfacing.obj (.text)
                  00006118    000003d0     rtsv7M4_T_le_v4SPD16_eabi.lib : memory.obj (.text)
                  000064e8    000003b0     i2c.obj (.text)
                  00006898    0000032c     system_msp432p401r.obj (.text)
                  00006bc4    00000324     rtsv7M4_T_le_v4SPD16_eabi.lib : trgdrv.obj (.text)
                  00006ee8    0000030c                                   : lowlev.obj (.text)
                  000071f4    0000021e                                   : ll_div_t2.obj (.text)
                  00007412    000001f4                                   : ull_div_t2.obj (.text)
                  00007606    00000002                                   : mpu_init.obj (.text)
                  00007608    000001c4                                   : fopen.obj (.text)
                  000077cc    000001b6                                   : fd_add_t2.obj (.text)
                  00007982    00000136                                   : fd_div_t2.obj (.text)
                  00007ab8    00000134                                   : fputs.obj (.text)
                  00007bec    000000fc                                   : fd_mul_t2.obj (.text)
                  00007ce8    000000fc                                   : s_scalbn.obj (.text)
                  00007de4    000000dc                                   : setvbuf.obj (.text)
                  00007ec0    000000dc     supportFunctions.obj (.text)
                  00007f9c    000000c8     rtsv7M4_T_le_v4SPD16_eabi.lib : fflush.obj (.text)
                  00008064    000000ac                                   : _io_perm.obj (.text)
                  00008110    0000009c     msp432p4xx_driverlib.lib : cs.o (.text:CS_startHFXTWithTimeout)
                  000081ac    0000009c     rtsv7M4_T_le_v4SPD16_eabi.lib : memcpy_t2.obj (.text)
                  00008248    00000098                                   : fclose.obj (.text)
                  000082e0    00000098                                   : fputc.obj (.text)
                  00008378    00000086                                   : fd_cmp_t2.obj (.text:__aeabi_cdcmple)
                  000083fe    00000086                                   : fd_cmp_t2.obj (.text:__aeabi_cdrcmple)
                  00008484    0000007a                                   : memset_t2.obj (.text)
                  000084fe    00000002                                   : startup.obj (.text)
                  00008500    00000070     msp432p4xx_driverlib.lib : cs.o (.text:_CSGetHFXTFrequency)
                  00008570    00000070     rtsv7M4_T_le_v4SPD16_eabi.lib : autoinit.obj (.text)
                  000085e0    00000070                                   : printf.obj (.text)
                  00008650    0000006e                                   : fd_tos_t2.obj (.text)
                  000086be    00000068                                   : copy_decompress_lzss.obj (.text:decompress:lzss)
                  00008726    00000002     --HOLE-- [fill = 0]
                  00008728    00000068                                   : trgmsg.obj (.text)
                  00008790    00000064     msp432p4xx_driverlib.lib : interrupt.o (.text:Interrupt_enableInterrupt)
                  000087f4    00000064     rtsv7M4_T_le_v4SPD16_eabi.lib : fseek.obj (.text)
                  00008858    00000064                                   : s_frexp.obj (.text)
                  000088bc    00000060                                   : sprintf.obj (.text)
                  0000891c    00000056                                   : ltoa.obj (.text)
                  00008972    00000002     --HOLE-- [fill = 0]
                  00008974    00000054                                   : boot.obj (.text)
                  000089c8    00000054                                   : exit.obj (.text)
                  00008a1c    0000004c                                   : atoi.obj (.text)
                  00008a68    0000004c                                   : cpy_tbl.obj (.text)
                  00008ab4    00000048                                   : fd_toi_t2.obj (.text)
                  00008afc    00000038                                   : fs_tod_t2.obj (.text)
                  00008b34    00000036                                   : strncpy.obj (.text)
                  00008b6a    00000034                                   : strstr.obj (.text)
                  00008b9e    0000002e                                   : i_tofd_t2.obj (.text)
                  00008bcc    00000020                                   : memchr.obj (.text)
                  00008bec    00000020                                   : u_tofd_t2.obj (.text)
                  00008c0c    0000001c                                   : memccpy.obj (.text)
                  00008c28    00000018                                   : args_main.obj (.text)
                  00008c40    00000018                                   : ll_mul_t2.obj (.text)
                  00008c58    00000018                                   : strcmp.obj (.text)
                  00008c70    00000016     msp432p4xx_driverlib.lib : uart.o (.text:UART_enableInterrupt)
                  00008c86    00000016     rtsv7M4_T_le_v4SPD16_eabi.lib : strchr.obj (.text)
                  00008c9c    00000014     msp432p4xx_driverlib.lib : cs.o (.text:CS_setExternalClockSourceFrequency)
                  00008cb0    00000014     rtsv7M4_T_le_v4SPD16_eabi.lib : _lock.obj (.text)
                  00008cc4    00000014                                   : s_copysign.obj (.text)
                  00008cd8    00000014                                   : strcpy.obj (.text)
                  00008cec    00000014                                   : strlen.obj (.text)
                  00008d00    00000010     msp432p4xx_driverlib.lib : sysctl.o (.text:SysCtl_disableNMISource)
                  00008d10    00000010                              : sysctl.o (.text:SysCtl_enableNMISource)
                  00008d20    0000000e     rtsv7M4_T_le_v4SPD16_eabi.lib : copy_decompress_none.obj (.text:decompress:none)
                  00008d2e    0000000e     startup_msp432p401r_ccs.obj (.text)
                  00008d3c    0000000c     msp432p4xx_driverlib.lib : sysctl.o (.text:SysCtl_getNMISourceStatus)
                  00008d48    0000000c     rtsv7M4_T_le_v4SPD16_eabi.lib : copy_zero_init.obj (.text:decompress:ZI)
                  00008d54    00000006     msp432p4xx_driverlib.lib : cs.o (.text:CS_startHFXT)
                  00008d5a    00000004     rtsv7M4_T_le_v4SPD16_eabi.lib : pre_init.obj (.text)

.const     0    00008d60    0000094a     
                  00008d60    000004fb     ST7735.obj (.const:.string:Font)
                  0000925b    00000200     ST7735.obj (.const:.string:dBfs)
                  0000945b    00000101     rtsv7M4_T_le_v4SPD16_eabi.lib : ctype.obj (.const:.string:_ctypes_)
                  0000955c    00000067     ST7735.obj (.const:.string:Bcmd)
                  000095c3    00000001     --HOLE-- [fill = 0]
                  000095c4    00000040     msp432p4xx_driverlib.lib : interrupt.o (.const)
                  00009604    0000003b     ST7735.obj (.const:.string:Rcmd1)
                  0000963f    0000002b     ST7735.obj (.const:.string:Rcmd3)
                  0000966a    00000002     --HOLE-- [fill = 0]
                  0000966c    00000024     main.obj (.const:uartConfig)
                  00009690    0000000d     ST7735.obj (.const:.string:Rcmd2green)
                  0000969d    0000000d     ST7735.obj (.const:.string:Rcmd2red)

.cinit     0    000096b0    00000158     
                  000096b0    0000012e     (.cinit..data.load) [load image, compression = lzss]
                  000097de    00000002     --HOLE-- [fill = 0]
                  000097e0    0000000c     (__TI_handler_table)
                  000097ec    00000004     --HOLE-- [fill = 0]
                  000097f0    00000008     (.cinit..bss.load) [load image, compression = zero_init]
                  000097f8    00000010     (__TI_cinit_table)

.init_array 
*          0    00000000    00000000     UNINITIALIZED

.bss       0    20000000    00000ed8     UNINITIALIZED
                  20000000    000009c4     (.common:receivingBuffer)
                  200009c4    0000012c     (.common:get_command)
                  20000af0    00000120     rtsv7M4_T_le_v4SPD16_eabi.lib : trgmsg.obj (.bss:_CIOBUF_)
                  20000c10    000000a0     (.common:__TI_tmpnams)
                  20000cb0    00000064     (.common:at_commands)
                  20000d14    0000003c     (.common:bme280)
                  20000d50    00000020     (.common:timeBuffer)
                  20000d70    0000001c     (.common:currentTime)
                  20000d8c    0000001c     (.common:newTime)
                  20000da8    00000014     (.common:displayBuff)
                  20000dbc    00000010     (.common:LightCondition)
                  20000dcc    00000010     (.common:regData)
                  20000ddc    0000000c     bme280nterfacing.obj (.bss)
                  20000de8    0000000c     (.common:Message)
                  20000df4    0000000c     (.common:STK1Value)
                  20000e00    0000000c     (.common:STK2Value)
                  20000e0c    0000000c     (.common:STK3Value)
                  20000e18    0000000c     (.common:STK4Value)
                  20000e24    0000000c     (.common:STK5Value)
                  20000e30    00000008     rtsv7M4_T_le_v4SPD16_eabi.lib : trgdrv.obj (.bss:parmbuf)
                  20000e38    00000008     (.common:humidity)
                  20000e40    00000008     (.common:humidityAPI)
                  20000e48    00000008     (.common:pressure)
                  20000e50    00000008     (.common:pressureAPI)
                  20000e58    00000008     (.common:tempAPI)
                  20000e60    00000008     (.common:temperature)
                  20000e68    00000008     (.common:v_comp_humidity_u32)
                  20000e70    00000008     (.common:v_comp_press_u32)
                  20000e78    00000008     (.common:v_comp_temp_s32)
                  20000e80    00000004     ST7735.obj (.bss)
                  20000e84    00000004     bme280.obj (.bss)
                  20000e88    00000004     (.common:Messageindex)
                  20000e8c    00000004     (.common:X)
                  20000e90    00000004     (.common:Ymax)
                  20000e94    00000004     (.common:Ymin)
                  20000e98    00000004     (.common:Yrange)
                  20000e9c    00000004     (.common:com_rslt)
                  20000ea0    00000004     (.common:hfxtFreq)
                  20000ea4    00000004     (.common:humidity_alert)
                  20000ea8    00000004     (.common:humidity_bme280)
                  20000eac    00000004     (.common:intervalCnt)
                  20000eb0    00000004     (.common:lfxtFreq)
                  20000eb4    00000004     (.common:light)
                  20000eb8    00000004     (.common:p_bme280)
                  20000ebc    00000004     (.common:pressureCompensation)
                  20000ec0    00000004     (.common:pressure_bme280)
                  20000ec4    00000004     (.common:temperature_bme280)
                  20000ec8    00000004     (.common:v_data_uncomp_hum_s32)
                  20000ecc    00000004     (.common:v_data_uncomp_pres_s32)
                  20000ed0    00000004     (.common:v_data_uncomp_temp_s32)
                  20000ed4    00000001     (.common:CurrentState)
                  20000ed5    00000001     (.common:U2RXData)
                  20000ed6    00000001     (.common:ms_timeout)
                  20000ed7    00000001     (.common:v_stand_by_time_u8)

.sysmem    0    20000ed8    00000400     UNINITIALIZED
                  20000ed8    00000008     rtsv7M4_T_le_v4SPD16_eabi.lib : memory.obj (.sysmem)
                  20000ee0    000003f8     --HOLE--

.data      0    200012d8    000002e0     UNINITIALIZED
                  200012d8    000000f0     rtsv7M4_T_le_v4SPD16_eabi.lib : defs.obj (.data:_ftable)
                  200013c8    000000d0                                   : lowlev.obj (.data:$O1$$)
                  20001498    00000031     main.obj (.data)
                  200014c9    00000014     main.obj (.data:SSID)
                  200014dd    00000003     --HOLE--
                  200014e0    00000014     ST7735.obj (.data)
                  200014f4    00000012     main.obj (.data:humiditykey)
                  20001506    00000011     main.obj (.data:alertDeviceId)
                  20001517    00000011     main.obj (.data:deviceId)
                  20001528    00000011     main.obj (.data:wundergroundAPIKey)
                  20001539    00000003     --HOLE--
                  2000153c    00000010     rtsv7M4_T_le_v4SPD16_eabi.lib : defs.obj (.data)
                  2000154c    0000000e     main.obj (.data:password)
                  2000155a    00000002     --HOLE--
                  2000155c    0000000c     rtsv7M4_T_le_v4SPD16_eabi.lib : exit.obj (.data:$O1$$)
                  20001568    0000000c                                   : memory.obj (.data:$O1$$)
                  20001574    0000000c     main.obj (.data:pressurekey)
                  20001580    00000008     rtsv7M4_T_le_v4SPD16_eabi.lib : _lock.obj (.data:$O1$$)
                  20001588    00000007     main.obj (.data:tempkey)
                  2000158f    00000005     main.obj (.data:STK3)
                  20001594    00000005     main.obj (.data:STK5)
                  20001599    00000004     main.obj (.data:STK1)
                  2000159d    00000004     main.obj (.data:STK2)
                  200015a1    00000004     main.obj (.data:STK4)
                  200015a5    00000003     --HOLE--
                  200015a8    00000004     rtsv7M4_T_le_v4SPD16_eabi.lib : errno.obj (.data)
                  200015ac    00000004                                   : fopen.obj (.data)
                  200015b0    00000004                                   : stkdepth_vars.obj (.data)
                  200015b4    00000004     system_msp432p401r.obj (.data)

.stack     0    2000fe00    00000200     UNINITIALIZED
                  2000fe00    00000200     --HOLE--

MODULE SUMMARY

       Module                        code    ro data   rw data
       ------                        ----    -------   -------
    .\
       main.obj                      5184    36        6638   
       bme280.obj                    7836    0         8      
       ST7735.obj                    4980    2018      112    
       bme280nterfacing.obj          2216    0         340    
       i2c.obj                       944     0         0      
       system_msp432p401r.obj        812     0         8      
       startup_msp432p401r_ccs.obj   14      228       0      
       supportFunctions.obj          220     0         0      
    +--+-----------------------------+-------+---------+---------+
       Total:                        22206   2282      7106   
                                                              
    C:/ti/msp/MSP432Ware_3_50_00_02/driverlib/driverlib/MSP432P4xx/ccs/msp432p4xx_driverlib.lib
       cs.o                          294     0         16     
       interrupt.o                   100     64        0      
       sysctl.o                      44      0         0      
       uart.o                        22      0         0      
    +--+-----------------------------+-------+---------+---------+
       Total:                        460     64        16     
                                                              
    C:\ti\ccsv7\tools\compiler\ti-cgt-arm_16.9.0.LTS\lib\rtsv7M4_T_le_v4SPD16_eabi.lib
       _printfi.obj                  4410    0         0      
       lowlev.obj                    780     0         416    
       memory.obj                    976     0         24     
       defs.obj                      0       0         832    
       trgdrv.obj                    804     0         16     
       trgmsg.obj                    104     0         576    
       ll_div_t2.obj                 542     0         0      
       ull_div_t2.obj                500     0         0      
       fopen.obj                     452     0         8      
       fd_add_t2.obj                 438     0         0      
       fd_div_t2.obj                 310     0         0      
       fputs.obj                     308     0         0      
       fd_cmp_t2.obj                 268     0         0      
       ctype.obj                     0       257       0      
       fd_mul_t2.obj                 252     0         0      
       s_scalbn.obj                  252     0         0      
       setvbuf.obj                   220     0         0      
       fflush.obj                    200     0         0      
       _io_perm.obj                  172     0         0      
       memcpy_t2.obj                 156     0         0      
       fclose.obj                    152     0         0      
       fputc.obj                     152     0         0      
       memset_t2.obj                 122     0         0      
       autoinit.obj                  112     0         0      
       printf.obj                    112     0         0      
       fd_tos_t2.obj                 110     0         0      
       exit.obj                      84      0         24     
       copy_decompress_lzss.obj      104     0         0      
       fseek.obj                     100     0         0      
       s_frexp.obj                   100     0         0      
       sprintf.obj                   96      0         0      
       ltoa.obj                      86      0         0      
       boot.obj                      84      0         0      
       atoi.obj                      76      0         0      
       cpy_tbl.obj                   76      0         0      
       fd_toi_t2.obj                 72      0         0      
       fs_tod_t2.obj                 56      0         0      
       strncpy.obj                   54      0         0      
       strstr.obj                    52      0         0      
       i_tofd_t2.obj                 46      0         0      
       _lock.obj                     20      0         16     
       memchr.obj                    32      0         0      
       u_tofd_t2.obj                 32      0         0      
       memccpy.obj                   28      0         0      
       args_main.obj                 24      0         0      
       ll_mul_t2.obj                 24      0         0      
       strcmp.obj                    24      0         0      
       strchr.obj                    22      0         0      
       s_copysign.obj                20      0         0      
       strcpy.obj                    20      0         0      
       strlen.obj                    20      0         0      
       copy_decompress_none.obj      14      0         0      
       copy_zero_init.obj            12      0         0      
       errno.obj                     0       0         8      
       stkdepth_vars.obj             0       0         8      
       pre_init.obj                  4       0         0      
       l_div0.obj                    2       0         0      
       mpu_init.obj                  2       0         0      
       startup.obj                   2       0         0      
    +--+-----------------------------+-------+---------+---------+
       Total:                        13292   257       1928   
                                                              
       Heap:                         0       0         2048   
       Stack:                        0       0         1024   
       Linker Generated:             0       338       0      
    +--+-----------------------------+-------+---------+---------+
       Grand Total:                  35958   2941      12122  


LINKER GENERATED COPY TABLES

__TI_cinit_table @ 000097f8 records: 2, size/record: 8, table size: 16
	.data: load addr=000096b0, load size=0000012e bytes, run addr=200012d8, run size=000002e0 bytes, compression=lzss
	.bss: load addr=000097f0, load size=00000008 bytes, run addr=20000000, run size=00000ed8 bytes, compression=zero_init


LINKER GENERATED HANDLER TABLE

__TI_handler_table @ 000097e0 records: 3, size/record: 4, table size: 12
	index: 0, handler: __TI_decompress_lzss
	index: 1, handler: __TI_decompress_none
	index: 2, handler: __TI_zero_init


GLOBAL SYMBOLS: SORTED ALPHABETICALLY BY Name 

address   name                                                  
-------   ----                                                  
00005edd  ADC14_IRQHandler                                      
00005edd  ADC14_IRQHandler                                      
00008d3b  AES256_IRQHandler                                     
000059a3  BME280_I2C_bus_read                                   
00005871  BME280_I2C_bus_write                                  
00005ad9  BME280_delay_msek                                     
00008d3b  BusFault_Handler                                      
000089c9  C$$EXIT                                               
00008757  C$$IO$$                                               
00008d3b  COMP_E0_IRQHandler                                    
00008d3b  COMP_E1_IRQHandler                                    
00008d3b  CS_IRQHandler                                         
00008c9d  CS_setExternalClockSourceFrequency                    
00008d55  CS_startHFXT                                          
00008111  CS_startHFXTWithTimeout                               
20000ed4  CurrentState                                          
00008d3b  DMA_ERR_IRQHandler                                    
00008d3b  DMA_INT0_IRQHandler                                   
00008d3b  DMA_INT1_IRQHandler                                   
00008d3b  DMA_INT2_IRQHandler                                   
00008d3b  DMA_INT3_IRQHandler                                   
00008d3b  DebugMon_Handler                                      
00008d3b  Default_Handler                                       
00003437  Delay1ms                                              
00001f81  DelayWait10ms                                         
00008d3b  EUSCIA0_IRQHandler                                    
00008d3b  EUSCIA1_IRQHandler                                    
0000200d  EUSCIA2_IRQHandler                                    
0000200d  EUSCIA2_IRQHandler                                    
00008d3b  EUSCIA3_IRQHandler                                    
00008d3b  EUSCIB0_IRQHandler                                    
00008d3b  EUSCIB1_IRQHandler                                    
00008d3b  EUSCIB2_IRQHandler                                    
00008d3b  EUSCIB3_IRQHandler                                    
00008d3b  FLCTL_IRQHandler                                      
00008d3b  FPU_IRQHandler                                        
00006e9f  HOSTclock                                             
00006e67  HOSTclose                                             
00006e29  HOSTgetenv                                            
00006dcd  HOSTlseek                                             
00006d7b  HOSTopen                                              
00006d2f  HOSTread                                              
00006cd1  HOSTrename                                            
00006c97  HOSTtime                                              
00006c49  HOSTtime64                                            
00006c11  HOSTunlink                                            
00006bc5  HOSTwrite                                             
00008d3b  HardFault_Handler                                     
000064e9  I2C_Init                                              
0000652f  I2C_Recv                                              
0000659d  I2C_Recv2                                             
00006641  I2C_Send1                                             
000066c3  I2C_Send2                                             
0000677b  I2C_Send3                                             
00005b1d  I2C_routine                                           
00008791  Interrupt_enableInterrupt                             
20000dbc  LightCondition                                        
00008d3b  MemManage_Handler                                     
20000de8  Message                                               
20000e88  Messageindex                                          
00008d3b  NMI_Handler                                           
000046d3  Output_Clear                                          
000046ed  Output_Color                                          
000046c3  Output_Init                                           
000046dd  Output_Off                                            
000046e5  Output_On                                             
00008d3b  PCM_IRQHandler                                        
00008d3b  PORT1_IRQHandler                                      
00008d3b  PORT2_IRQHandler                                      
00008d3b  PORT3_IRQHandler                                      
00008d3b  PORT4_IRQHandler                                      
00008d3b  PORT5_IRQHandler                                      
00008d3b  PORT6_IRQHandler                                      
00008d3b  PSS_IRQHandler                                        
00008d3b  PendSV_Handler                                        
000032b5  RTC_C_IRQHandler                                      
000032b5  RTC_C_IRQHandler                                      
00008d2f  Reset_Handler                                         
UNDEFED   SHT$$INIT_ARRAY$$Base                                 
UNDEFED   SHT$$INIT_ARRAY$$Limit                                
200014c9  SSID                                                  
00003a19  ST7735_Color565                                       
00003a7d  ST7735_DrawBitmap                                     
00003df1  ST7735_DrawChar                                       
00003c79  ST7735_DrawCharS                                      
00003811  ST7735_DrawFastHLine                                  
00003753  ST7735_DrawFastVLine                                  
000036f9  ST7735_DrawPixel                                      
00003f65  ST7735_DrawString                                     
0000390d  ST7735_FillRect                                       
000038c9  ST7735_FillScreen                                     
000035c5  ST7735_InitB                                          
000035e5  ST7735_InitR                                          
00004197  ST7735_InvertDisplay                                  
000045d5  ST7735_OutChar                                        
00004691  ST7735_OutString                                      
00004051  ST7735_OutUDec                                        
000044e1  ST7735_PlotBar                                        
000041af  ST7735_PlotClear                                      
000042d1  ST7735_PlotLine                                       
00004581  ST7735_PlotNext                                       
0000459b  ST7735_PlotNextErase                                  
0000420b  ST7735_PlotPoint                                      
0000440b  ST7735_PlotPoints                                     
00004537  ST7735_PlotdBfs                                       
0000402b  ST7735_SetCursor                                      
000040cd  ST7735_SetRotation                                    
000046af  ST7735_SetTextColor                                   
00003a4d  ST7735_SwapColor                                      
20001599  STK1                                                  
20000df4  STK1Value                                             
2000159d  STK2                                                  
20000e00  STK2Value                                             
2000158f  STK3                                                  
20000e0c  STK3Value                                             
200015a1  STK4                                                  
20000e18  STK4Value                                             
20001594  STK5                                                  
20000e24  STK5Value                                             
00008d3b  SVC_Handler                                           
200014e8  StTextColor                                           
200014e0  StX                                                   
200014e4  StY                                                   
200014b4  StockCounter                                          
200014b8  StockFlag                                             
00008d01  SysCtl_disableNMISource                               
00008d11  SysCtl_enableNMISource                                
00008d3d  SysCtl_getNMISourceStatus                             
00007f3d  SysTick_Handler                                       
00007f3d  SysTick_Handler                                       
200015b4  SystemCoreClock                                       
00006899  SystemCoreClockUpdate                                 
00006b0d  SystemInit                                            
00008d3b  T32_INT1_IRQHandler                                   
00008d3b  T32_INT2_IRQHandler                                   
00008d3b  T32_INTC_IRQHandler                                   
00008d3b  TA0_0_IRQHandler                                      
00008d3b  TA0_N_IRQHandler                                      
00008d3b  TA1_0_IRQHandler                                      
00008d3b  TA1_N_IRQHandler                                      
00008d3b  TA2_0_IRQHandler                                      
00008d3b  TA2_N_IRQHandler                                      
00008d3b  TA3_0_IRQHandler                                      
00008d3b  TA3_N_IRQHandler                                      
20000ed5  U2RXData                                              
00008c71  UART_enableInterrupt                                  
00008d3b  UsageFault_Handler                                    
4000480c  WDTCTL_SYM                                            
00008d3b  WDT_A_IRQHandler                                      
20000e8c  X                                                     
20000e90  Ymax                                                  
20000e94  Ymin                                                  
20000e98  Yrange                                                
20000af0  __CIOBUF_                                             
20010000  __STACK_END                                           
00000200  __STACK_SIZE                                          
00000400  __SYSMEM_SIZE                                         
000097f8  __TI_CINIT_Base                                       
00009808  __TI_CINIT_Limit                                      
000097e0  __TI_Handler_Table_Base                               
000097ec  __TI_Handler_Table_Limit                              
00008571  __TI_auto_init                                        
000076d1  __TI_cleanup                                          
2000155c  __TI_cleanup_ptr                                      
00008249  __TI_closefile                                        
000086bf  __TI_decompress_lzss                                  
00008d21  __TI_decompress_none                                  
00007f9d  __TI_doflush                                          
20001560  __TI_dtors_ptr                                        
20001564  __TI_enable_exit_profile_output                       
2000153c  __TI_ft_end                                           
ffffffff  __TI_pprof_out_hndl                                   
00004f75  __TI_printfi                                          
ffffffff  __TI_prof_data_size                                   
ffffffff  __TI_prof_data_start                                  
000080c7  __TI_rd_ok                                            
0000875b  __TI_readmsg                                          
00000000  __TI_static_base__                                    
20000c10  __TI_tmpnams                                          
00008729  __TI_writemsg                                         
00008065  __TI_wrt_ok                                           
00008d49  __TI_zero_init                                        
00008379  __aeabi_cdcmpeq                                       
00008379  __aeabi_cdcmple                                       
000083ff  __aeabi_cdrcmple                                      
00008651  __aeabi_d2f                                           
00008ab5  __aeabi_d2iz                                          
000077d7  __aeabi_dadd                                          
00007983  __aeabi_ddiv                                          
00007bed  __aeabi_dmul                                          
000077cd  __aeabi_dsub                                          
00008afd  __aeabi_f2d                                           
00008b9f  __aeabi_i2d                                           
0000586f  __aeabi_ldiv0                                         
000071f5  __aeabi_ldivmod                                       
00008c41  __aeabi_lmul                                          
00008485  __aeabi_memclr                                        
00008485  __aeabi_memclr4                                       
00008485  __aeabi_memclr8                                       
000081ad  __aeabi_memcpy                                        
000081ad  __aeabi_memcpy4                                       
000081ad  __aeabi_memcpy8                                       
00008487  __aeabi_memset                                        
00008487  __aeabi_memset4                                       
00008487  __aeabi_memset8                                       
20001548  __aeabi_stderr                                        
20001540  __aeabi_stdin                                         
20001544  __aeabi_stdout                                        
00008bed  __aeabi_ui2d                                          
00007413  __aeabi_uldivmod                                      
ffffffff  __binit__                                             
ffffffff  __c_args__                                            
00007607  __mpu_init                                            
2000fe00  __stack                                               
00008c29  _args_main                                            
00008975  _c_int00                                              
0000945b  _ctypes_                                              
200012d8  _ftable                                               
20001580  _lock                                                 
00008cbf  _nop                                                  
00008cb7  _register_lock                                        
00008cb1  _register_unlock                                      
20000ed8  _sys_memory                                           
000084ff  _system_post_cinit                                    
00008d5b  _system_pre_init                                      
20001584  _unlock                                               
000089cd  abort                                                 
00005e39  adcInit                                               
00007149  add_device                                            
200014a9  alert                                                 
20001506  alertDeviceId                                         
000020c5  alreadyConnected                                      
20000cb0  at_commands                                           
00008a1d  atoi                                                  
ffffffff  binit                                                 
20000d14  bme280                                                
00005b39  bme280Init                                            
00001ab5  bme280_compensate_humidity_double                     
00000471  bme280_compensate_humidity_int32                      
0000052d  bme280_compensate_humidity_int32_sixteen_bit_output   
00001811  bme280_compensate_pressure_double                     
000002e9  bme280_compensate_pressure_int32                      
00001cc9  bme280_compensate_pressure_int64                      
00001ed5  bme280_compensate_pressure_int64_twentyfour_bit_output
000016a7  bme280_compensate_temperature_double                  
000001e7  bme280_compensate_temperature_int32                   
0000025f  bme280_compensate_temperature_int32_sixteen_bit_output
00001eef  bme280_compute_wait_time                              
00000647  bme280_get_calib_param                                
000010fb  bme280_get_filter                                     
00001465  bme280_get_forced_uncomp_pressure_temperature_humidity
00000b5f  bme280_get_oversamp_humidity                          
000009ab  bme280_get_oversamp_pressure                          
000007e9  bme280_get_oversamp_temperature                       
00000d4d  bme280_get_power_mode                                 
00000f4d  bme280_get_spi3                                       
000012b1  bme280_get_standby_durn                               
000000e5  bme280_init                                           
000005e7  bme280_read_pressure_temperature_humidity             
00001661  bme280_read_register                                  
0000041b  bme280_read_uncomp_humidity                           
00000289  bme280_read_uncomp_pressure                           
00000555  bme280_read_uncomp_pressure_temperature_humidity      
00000187  bme280_read_uncomp_temperature                        
00001151  bme280_set_filter                                     
00000bb9  bme280_set_oversamp_humidity                          
00000a07  bme280_set_oversamp_pressure                          
00000845  bme280_set_oversamp_temperature                       
00000da1  bme280_set_power_mode                                 
00000f0d  bme280_set_soft_rst                                   
00000f9b  bme280_set_spi3                                       
00001301  bme280_set_standby_durn                               
0000161b  bme280_write_register                                 
200014bc  bufferposition                                        
000064b9  calloc                                                
000021f3  checkForIPD                                           
00002095  checkforClosed                                        
000020ad  checkforError                                         
00002075  checkforOK                                            
00007ec1  clockInit48MHzXTL                                     
000070f9  close                                                 
20000e9c  com_rslt                                              
00008a69  copy_in                                               
00008cc5  copysign                                              
00008cc5  copysignl                                             
20000d70  currentTime                                           
0000925b  dBfs                                                  
00007f4d  delayNms                                              
20001517  deviceId                                              
00001f93  display                                               
20000da8  displayBuff                                           
00002649  displayData                                           
200015a8  errno                                                 
000089d5  exit                                                  
000082af  fclose                                                
00007fe9  fflush                                                
00003fe9  fillmessage                                           
00007727  fopen                                                 
000082e1  fputc                                                 
00007ab9  fputs                                                 
00006203  free                                                  
000076fd  freopen                                               
00008859  frexp                                                 
00008859  frexpl                                                
000087f5  fseek                                                 
00002111  getDateAndTime                                        
0000220b  getJsonData                                           
00005fd5  getLightSensorValues                                  
00005c35  getSensorValues                                       
000025c9  getStockData                                          
000020dd  getTime                                               
2000149c  getWeatherAPIData                                     
00002223  getWeatherData                                        
200009c4  get_command                                           
20000e38  humidity                                              
20000e40  humidityAPI                                           
20000ea4  humidity_alert                                        
20000ea8  humidity_bme280                                       
200014a4  humidity_threshold                                    
200014f4  humiditykey                                           
00000000  interruptVectors                                      
20000eac  intervalCnt                                           
200014f0  lastj                                                 
00007ce9  ldexp                                                 
00007ce9  ldexpl                                                
20000eb4  light                                                 
20001498  loadCounter                                           
000070d5  lseek                                                 
0000891d  ltoa                                                  
00002945  main                                                  
200015b0  main_func_sp                                          
00006199  malloc                                                
000063cd  memalign                                              
00008c0d  memccpy                                               
00008bcd  memchr                                                
000081ad  memcpy                                                
0000848d  memset                                                
00006119  minit                                                 
20000ed6  ms_timeout                                            
20000d8c  newTime                                               
00007027  open                                                  
20000eb8  p_bme280                                              
00003429  parrotdelay                                           
2000154c  password                                              
20000e48  pressure                                              
20000e50  pressureAPI                                           
20000ebc  pressureCompensation                                  
20000ec0  pressure_bme280                                       
20001574  pressurekey                                           
000085e9  printf                                                
000082e1  putc                                                  
00008365  putchar                                               
00007bc5  puts                                                  
00007003  read                                                  
000062c5  realloc                                               
20000000  receivingBuffer                                       
20000dcc  regData                                               
00006f79  remove                                                
00006fdb  remove_device                                         
00006f9d  rename                                                
00002615  resetBuffer                                           
00007ce9  scalbn                                                
00007ce9  scalbnl                                               
000025e5  send_to_ESP8266                                       
0000223d  setHumidityAPI                                        
0000231f  setPresAPI                                            
000023d5  setStock1                                             
00002445  setStock2                                             
000024b9  setStock3                                             
00002515  setStock4                                             
0000256d  setStock5                                             
000022a5  setTempAPI                                            
00007de5  setvbuf                                               
000088bd  sprintf                                               
200014c0  start                                                 
00008c87  strchr                                                
00008c59  strcmp                                                
00008cd9  strcpy                                                
00008ced  strlen                                                
00008b35  strncpy                                               
00008b6b  strstr                                                
20000e58  tempAPI                                               
20000e60  temperature                                           
20000ec4  temperature_bme280                                    
20001588  tempkey                                               
200014b0  timeBlinker                                           
20000d50  timeBuffer                                            
200014a8  timeset                                               
200014ac  twoSecondToggle                                       
0000966c  uartConfig                                            
00006f79  unlink                                                
000020f5  updateDateAndTime                                     
20000e68  v_comp_humidity_u32                                   
20000e70  v_comp_press_u32                                      
20000e78  v_comp_temp_s32                                       
20000ec8  v_data_uncomp_hum_s32                                 
20000ecc  v_data_uncomp_pres_s32                                
20000ed0  v_data_uncomp_temp_s32                                
20000ed7  v_stand_by_time_u8                                    
200014c8  wAPIFlag                                              
200014c4  weatherAPIFlagCounter                                 
200014a0  weatherAPIflagCounter                                 
00006ee9  write                                                 
20001528  wundergroundAPIKey                                    


GLOBAL SYMBOLS: SORTED BY Symbol Address 

address   name                                                  
-------   ----                                                  
00000000  __TI_static_base__                                    
00000000  interruptVectors                                      
000000e5  bme280_init                                           
00000187  bme280_read_uncomp_temperature                        
000001e7  bme280_compensate_temperature_int32                   
00000200  __STACK_SIZE                                          
0000025f  bme280_compensate_temperature_int32_sixteen_bit_output
00000289  bme280_read_uncomp_pressure                           
000002e9  bme280_compensate_pressure_int32                      
00000400  __SYSMEM_SIZE                                         
0000041b  bme280_read_uncomp_humidity                           
00000471  bme280_compensate_humidity_int32                      
0000052d  bme280_compensate_humidity_int32_sixteen_bit_output   
00000555  bme280_read_uncomp_pressure_temperature_humidity      
000005e7  bme280_read_pressure_temperature_humidity             
00000647  bme280_get_calib_param                                
000007e9  bme280_get_oversamp_temperature                       
00000845  bme280_set_oversamp_temperature                       
000009ab  bme280_get_oversamp_pressure                          
00000a07  bme280_set_oversamp_pressure                          
00000b5f  bme280_get_oversamp_humidity                          
00000bb9  bme280_set_oversamp_humidity                          
00000d4d  bme280_get_power_mode                                 
00000da1  bme280_set_power_mode                                 
00000f0d  bme280_set_soft_rst                                   
00000f4d  bme280_get_spi3                                       
00000f9b  bme280_set_spi3                                       
000010fb  bme280_get_filter                                     
00001151  bme280_set_filter                                     
000012b1  bme280_get_standby_durn                               
00001301  bme280_set_standby_durn                               
00001465  bme280_get_forced_uncomp_pressure_temperature_humidity
0000161b  bme280_write_register                                 
00001661  bme280_read_register                                  
000016a7  bme280_compensate_temperature_double                  
00001811  bme280_compensate_pressure_double                     
00001ab5  bme280_compensate_humidity_double                     
00001cc9  bme280_compensate_pressure_int64                      
00001ed5  bme280_compensate_pressure_int64_twentyfour_bit_output
00001eef  bme280_compute_wait_time                              
00001f81  DelayWait10ms                                         
00001f93  display                                               
0000200d  EUSCIA2_IRQHandler                                    
0000200d  EUSCIA2_IRQHandler                                    
00002075  checkforOK                                            
00002095  checkforClosed                                        
000020ad  checkforError                                         
000020c5  alreadyConnected                                      
000020dd  getTime                                               
000020f5  updateDateAndTime                                     
00002111  getDateAndTime                                        
000021f3  checkForIPD                                           
0000220b  getJsonData                                           
00002223  getWeatherData                                        
0000223d  setHumidityAPI                                        
000022a5  setTempAPI                                            
0000231f  setPresAPI                                            
000023d5  setStock1                                             
00002445  setStock2                                             
000024b9  setStock3                                             
00002515  setStock4                                             
0000256d  setStock5                                             
000025c9  getStockData                                          
000025e5  send_to_ESP8266                                       
00002615  resetBuffer                                           
00002649  displayData                                           
00002945  main                                                  
000032b5  RTC_C_IRQHandler                                      
000032b5  RTC_C_IRQHandler                                      
00003429  parrotdelay                                           
00003437  Delay1ms                                              
000035c5  ST7735_InitB                                          
000035e5  ST7735_InitR                                          
000036f9  ST7735_DrawPixel                                      
00003753  ST7735_DrawFastVLine                                  
00003811  ST7735_DrawFastHLine                                  
000038c9  ST7735_FillScreen                                     
0000390d  ST7735_FillRect                                       
00003a19  ST7735_Color565                                       
00003a4d  ST7735_SwapColor                                      
00003a7d  ST7735_DrawBitmap                                     
00003c79  ST7735_DrawCharS                                      
00003df1  ST7735_DrawChar                                       
00003f65  ST7735_DrawString                                     
00003fe9  fillmessage                                           
0000402b  ST7735_SetCursor                                      
00004051  ST7735_OutUDec                                        
000040cd  ST7735_SetRotation                                    
00004197  ST7735_InvertDisplay                                  
000041af  ST7735_PlotClear                                      
0000420b  ST7735_PlotPoint                                      
000042d1  ST7735_PlotLine                                       
0000440b  ST7735_PlotPoints                                     
000044e1  ST7735_PlotBar                                        
00004537  ST7735_PlotdBfs                                       
00004581  ST7735_PlotNext                                       
0000459b  ST7735_PlotNextErase                                  
000045d5  ST7735_OutChar                                        
00004691  ST7735_OutString                                      
000046af  ST7735_SetTextColor                                   
000046c3  Output_Init                                           
000046d3  Output_Clear                                          
000046dd  Output_Off                                            
000046e5  Output_On                                             
000046ed  Output_Color                                          
00004f75  __TI_printfi                                          
0000586f  __aeabi_ldiv0                                         
00005871  BME280_I2C_bus_write                                  
000059a3  BME280_I2C_bus_read                                   
00005ad9  BME280_delay_msek                                     
00005b1d  I2C_routine                                           
00005b39  bme280Init                                            
00005c35  getSensorValues                                       
00005e39  adcInit                                               
00005edd  ADC14_IRQHandler                                      
00005edd  ADC14_IRQHandler                                      
00005fd5  getLightSensorValues                                  
00006119  minit                                                 
00006199  malloc                                                
00006203  free                                                  
000062c5  realloc                                               
000063cd  memalign                                              
000064b9  calloc                                                
000064e9  I2C_Init                                              
0000652f  I2C_Recv                                              
0000659d  I2C_Recv2                                             
00006641  I2C_Send1                                             
000066c3  I2C_Send2                                             
0000677b  I2C_Send3                                             
00006899  SystemCoreClockUpdate                                 
00006b0d  SystemInit                                            
00006bc5  HOSTwrite                                             
00006c11  HOSTunlink                                            
00006c49  HOSTtime64                                            
00006c97  HOSTtime                                              
00006cd1  HOSTrename                                            
00006d2f  HOSTread                                              
00006d7b  HOSTopen                                              
00006dcd  HOSTlseek                                             
00006e29  HOSTgetenv                                            
00006e67  HOSTclose                                             
00006e9f  HOSTclock                                             
00006ee9  write                                                 
00006f79  remove                                                
00006f79  unlink                                                
00006f9d  rename                                                
00006fdb  remove_device                                         
00007003  read                                                  
00007027  open                                                  
000070d5  lseek                                                 
000070f9  close                                                 
00007149  add_device                                            
000071f5  __aeabi_ldivmod                                       
00007413  __aeabi_uldivmod                                      
00007607  __mpu_init                                            
000076d1  __TI_cleanup                                          
000076fd  freopen                                               
00007727  fopen                                                 
000077cd  __aeabi_dsub                                          
000077d7  __aeabi_dadd                                          
00007983  __aeabi_ddiv                                          
00007ab9  fputs                                                 
00007bc5  puts                                                  
00007bed  __aeabi_dmul                                          
00007ce9  ldexp                                                 
00007ce9  ldexpl                                                
00007ce9  scalbn                                                
00007ce9  scalbnl                                               
00007de5  setvbuf                                               
00007ec1  clockInit48MHzXTL                                     
00007f3d  SysTick_Handler                                       
00007f3d  SysTick_Handler                                       
00007f4d  delayNms                                              
00007f9d  __TI_doflush                                          
00007fe9  fflush                                                
00008065  __TI_wrt_ok                                           
000080c7  __TI_rd_ok                                            
00008111  CS_startHFXTWithTimeout                               
000081ad  __aeabi_memcpy                                        
000081ad  __aeabi_memcpy4                                       
000081ad  __aeabi_memcpy8                                       
000081ad  memcpy                                                
00008249  __TI_closefile                                        
000082af  fclose                                                
000082e1  fputc                                                 
000082e1  putc                                                  
00008365  putchar                                               
00008379  __aeabi_cdcmpeq                                       
00008379  __aeabi_cdcmple                                       
000083ff  __aeabi_cdrcmple                                      
00008485  __aeabi_memclr                                        
00008485  __aeabi_memclr4                                       
00008485  __aeabi_memclr8                                       
00008487  __aeabi_memset                                        
00008487  __aeabi_memset4                                       
00008487  __aeabi_memset8                                       
0000848d  memset                                                
000084ff  _system_post_cinit                                    
00008571  __TI_auto_init                                        
000085e9  printf                                                
00008651  __aeabi_d2f                                           
000086bf  __TI_decompress_lzss                                  
00008729  __TI_writemsg                                         
00008757  C$$IO$$                                               
0000875b  __TI_readmsg                                          
00008791  Interrupt_enableInterrupt                             
000087f5  fseek                                                 
00008859  frexp                                                 
00008859  frexpl                                                
000088bd  sprintf                                               
0000891d  ltoa                                                  
00008975  _c_int00                                              
000089c9  C$$EXIT                                               
000089cd  abort                                                 
000089d5  exit                                                  
00008a1d  atoi                                                  
00008a69  copy_in                                               
00008ab5  __aeabi_d2iz                                          
00008afd  __aeabi_f2d                                           
00008b35  strncpy                                               
00008b6b  strstr                                                
00008b9f  __aeabi_i2d                                           
00008bcd  memchr                                                
00008bed  __aeabi_ui2d                                          
00008c0d  memccpy                                               
00008c29  _args_main                                            
00008c41  __aeabi_lmul                                          
00008c59  strcmp                                                
00008c71  UART_enableInterrupt                                  
00008c87  strchr                                                
00008c9d  CS_setExternalClockSourceFrequency                    
00008cb1  _register_unlock                                      
00008cb7  _register_lock                                        
00008cbf  _nop                                                  
00008cc5  copysign                                              
00008cc5  copysignl                                             
00008cd9  strcpy                                                
00008ced  strlen                                                
00008d01  SysCtl_disableNMISource                               
00008d11  SysCtl_enableNMISource                                
00008d21  __TI_decompress_none                                  
00008d2f  Reset_Handler                                         
00008d3b  AES256_IRQHandler                                     
00008d3b  BusFault_Handler                                      
00008d3b  COMP_E0_IRQHandler                                    
00008d3b  COMP_E1_IRQHandler                                    
00008d3b  CS_IRQHandler                                         
00008d3b  DMA_ERR_IRQHandler                                    
00008d3b  DMA_INT0_IRQHandler                                   
00008d3b  DMA_INT1_IRQHandler                                   
00008d3b  DMA_INT2_IRQHandler                                   
00008d3b  DMA_INT3_IRQHandler                                   
00008d3b  DebugMon_Handler                                      
00008d3b  Default_Handler                                       
00008d3b  EUSCIA0_IRQHandler                                    
00008d3b  EUSCIA1_IRQHandler                                    
00008d3b  EUSCIA3_IRQHandler                                    
00008d3b  EUSCIB0_IRQHandler                                    
00008d3b  EUSCIB1_IRQHandler                                    
00008d3b  EUSCIB2_IRQHandler                                    
00008d3b  EUSCIB3_IRQHandler                                    
00008d3b  FLCTL_IRQHandler                                      
00008d3b  FPU_IRQHandler                                        
00008d3b  HardFault_Handler                                     
00008d3b  MemManage_Handler                                     
00008d3b  NMI_Handler                                           
00008d3b  PCM_IRQHandler                                        
00008d3b  PORT1_IRQHandler                                      
00008d3b  PORT2_IRQHandler                                      
00008d3b  PORT3_IRQHandler                                      
00008d3b  PORT4_IRQHandler                                      
00008d3b  PORT5_IRQHandler                                      
00008d3b  PORT6_IRQHandler                                      
00008d3b  PSS_IRQHandler                                        
00008d3b  PendSV_Handler                                        
00008d3b  SVC_Handler                                           
00008d3b  T32_INT1_IRQHandler                                   
00008d3b  T32_INT2_IRQHandler                                   
00008d3b  T32_INTC_IRQHandler                                   
00008d3b  TA0_0_IRQHandler                                      
00008d3b  TA0_N_IRQHandler                                      
00008d3b  TA1_0_IRQHandler                                      
00008d3b  TA1_N_IRQHandler                                      
00008d3b  TA2_0_IRQHandler                                      
00008d3b  TA2_N_IRQHandler                                      
00008d3b  TA3_0_IRQHandler                                      
00008d3b  TA3_N_IRQHandler                                      
00008d3b  UsageFault_Handler                                    
00008d3b  WDT_A_IRQHandler                                      
00008d3d  SysCtl_getNMISourceStatus                             
00008d49  __TI_zero_init                                        
00008d55  CS_startHFXT                                          
00008d5b  _system_pre_init                                      
0000925b  dBfs                                                  
0000945b  _ctypes_                                              
0000966c  uartConfig                                            
000097e0  __TI_Handler_Table_Base                               
000097ec  __TI_Handler_Table_Limit                              
000097f8  __TI_CINIT_Base                                       
00009808  __TI_CINIT_Limit                                      
20000000  receivingBuffer                                       
200009c4  get_command                                           
20000af0  __CIOBUF_                                             
20000c10  __TI_tmpnams                                          
20000cb0  at_commands                                           
20000d14  bme280                                                
20000d50  timeBuffer                                            
20000d70  currentTime                                           
20000d8c  newTime                                               
20000da8  displayBuff                                           
20000dbc  LightCondition                                        
20000dcc  regData                                               
20000de8  Message                                               
20000df4  STK1Value                                             
20000e00  STK2Value                                             
20000e0c  STK3Value                                             
20000e18  STK4Value                                             
20000e24  STK5Value                                             
20000e38  humidity                                              
20000e40  humidityAPI                                           
20000e48  pressure                                              
20000e50  pressureAPI                                           
20000e58  tempAPI                                               
20000e60  temperature                                           
20000e68  v_comp_humidity_u32                                   
20000e70  v_comp_press_u32                                      
20000e78  v_comp_temp_s32                                       
20000e88  Messageindex                                          
20000e8c  X                                                     
20000e90  Ymax                                                  
20000e94  Ymin                                                  
20000e98  Yrange                                                
20000e9c  com_rslt                                              
20000ea4  humidity_alert                                        
20000ea8  humidity_bme280                                       
20000eac  intervalCnt                                           
20000eb4  light                                                 
20000eb8  p_bme280                                              
20000ebc  pressureCompensation                                  
20000ec0  pressure_bme280                                       
20000ec4  temperature_bme280                                    
20000ec8  v_data_uncomp_hum_s32                                 
20000ecc  v_data_uncomp_pres_s32                                
20000ed0  v_data_uncomp_temp_s32                                
20000ed4  CurrentState                                          
20000ed5  U2RXData                                              
20000ed6  ms_timeout                                            
20000ed7  v_stand_by_time_u8                                    
20000ed8  _sys_memory                                           
200012d8  _ftable                                               
20001498  loadCounter                                           
2000149c  getWeatherAPIData                                     
200014a0  weatherAPIflagCounter                                 
200014a4  humidity_threshold                                    
200014a8  timeset                                               
200014a9  alert                                                 
200014ac  twoSecondToggle                                       
200014b0  timeBlinker                                           
200014b4  StockCounter                                          
200014b8  StockFlag                                             
200014bc  bufferposition                                        
200014c0  start                                                 
200014c4  weatherAPIFlagCounter                                 
200014c8  wAPIFlag                                              
200014c9  SSID                                                  
200014e0  StX                                                   
200014e4  StY                                                   
200014e8  StTextColor                                           
200014f0  lastj                                                 
200014f4  humiditykey                                           
20001506  alertDeviceId                                         
20001517  deviceId                                              
20001528  wundergroundAPIKey                                    
2000153c  __TI_ft_end                                           
20001540  __aeabi_stdin                                         
20001544  __aeabi_stdout                                        
20001548  __aeabi_stderr                                        
2000154c  password                                              
2000155c  __TI_cleanup_ptr                                      
20001560  __TI_dtors_ptr                                        
20001564  __TI_enable_exit_profile_output                       
20001574  pressurekey                                           
20001580  _lock                                                 
20001584  _unlock                                               
20001588  tempkey                                               
2000158f  STK3                                                  
20001594  STK5                                                  
20001599  STK1                                                  
2000159d  STK2                                                  
200015a1  STK4                                                  
200015a8  errno                                                 
200015b0  main_func_sp                                          
200015b4  SystemCoreClock                                       
2000fe00  __stack                                               
20010000  __STACK_END                                           
4000480c  WDTCTL_SYM                                            
ffffffff  __TI_pprof_out_hndl                                   
ffffffff  __TI_prof_data_size                                   
ffffffff  __TI_prof_data_start                                  
ffffffff  __binit__                                             
ffffffff  __c_args__                                            
ffffffff  binit                                                 
UNDEFED   SHT$$INIT_ARRAY$$Base                                 
UNDEFED   SHT$$INIT_ARRAY$$Limit                                

[404 symbols]
